// Jest Snapshot v1, https://goo.gl/fbAQLP

exports[`should render an item 1`] = `
<InfoCard
  description={
    <div
      className="ListItem__content__description"
    />
  }
  icon="icon.png"
  info="1.0.0"
  key="foo1"
  link="/charts/undefined/foo"
  tag1Content={
    <Unknown
      className="ListItem__content__info_tag_link"
      to="/ns/kubeapps/catalog/undefined"
    />
  }
  title="foo"
/>
`;
