// Jest Snapshot v1, https://goo.gl/fbAQLP

exports[`renders version and link to release 1`] = `
<a
  href="https://github.com/kubeapps/kubeapps/releases/tag/v1.5.5-T500"
  style={
    Object {
      "color": "#FFF",
    }
  }
  target="_blank"
>
  v1.5.5-T500
</a>
`;
