// Jest Snapshot v1, https://goo.gl/fbAQLP

exports[`renders a DeploymentItem 1`] = `
<Fragment>
  <h6>
    Deployments
  </h6>
  <table>
    <thead>
      <tr>
        <th>
          NAME
        </th>
        <th>
          DESIRED
        </th>
        <th>
          UP-TO-DATE
        </th>
        <th>
          AVAILABLE
        </th>
      </tr>
    </thead>
    <tbody>
      <Connect(DeploymentItem)
        deployRef={
          ResourceRef {
            "apiVersion": undefined,
            "kind": "Deployment",
            "name": "foo",
            "namespace": "default",
          }
        }
        key="api/kube/apis/undefined/namespaces/default/deployments/foo"
      />
    </tbody>
  </table>
</Fragment>
`;
