// Jest Snapshot v1, https://goo.gl/fbAQLP

exports[`should render a textArea param with title and description 1`] = `
<TextAreaParam
  handleBasicFormParamChange={[Function]}
  id="foo"
  label="Configuration"
  param={
    Object {
      "path": "configuration",
      "type": "string",
      "value": "First line
    Second line",
    }
  }
>
  <div>
    <label
      htmlFor="foo"
    >
      <div
        className="row"
      >
        <div
          className="col-3 block"
        >
          <div
            className="centered"
          >
            Configuration
          </div>
        </div>
        <div
          className="col-9 margin-t-small"
        >
          <textarea
            id="foo"
            onChange={[Function]}
            value="First line
          Second line"
          />
        </div>
      </div>
    </label>
  </div>
</TextAreaParam>
`;
