// Jest Snapshot v1, https://goo.gl/fbAQLP

exports[`should render a text param with title and description 1`] = `
<TextParam
  handleBasicFormParamChange={[Function]}
  id="foo"
  label="Username"
  param={
    Object {
      "path": "username",
      "type": "string",
      "value": "user",
    }
  }
>
  <div>
    <label
      htmlFor="foo"
    >
      <div
        className="row"
      >
        <div
          className="col-3 block"
        >
          <div
            className="centered"
          >
            Username
          </div>
        </div>
        <div
          className="col-9 margin-t-small"
        >
          <input
            id="foo"
            onChange={[Function]}
            type="text"
            value="user"
          />
        </div>
      </div>
    </label>
  </div>
</TextParam>
`;
