// Jest Snapshot v1, https://goo.gl/fbAQLP

exports[`renders a complete DaemonSet 1`] = `
<tr
  className="flex"
  key="otherResources/ConfigMap/foo"
>
  <td
    className="col-6"
  >
    foo
  </td>
  <td
    className="col-6"
  >
    ConfigMap
  </td>
</tr>
`;
