// Jest Snapshot v1, https://goo.gl/fbAQLP

exports[`should render the children elements 1`] = `
<div
  className="Card__content padding-normal undefined"
>
  <div>
    foo
  </div>
</div>
`;
