// Jest Snapshot v1, https://goo.gl/fbAQLP

exports[`renders the heading passed to it 1`] = `
ShallowWrapper {
  "length": 1,
  Symbol(enzyme.__root__): [Circular],
  Symbol(enzyme.__unrendered__): <ErrorPageHeader>
    test
</ErrorPageHeader>,
  Symbol(enzyme.__renderer__): Object {
    "batchedUpdates": [Function],
    "getNode": [Function],
    "render": [Function],
    "simulateEvent": [Function],
    "unmount": [Function],
  },
  Symbol(enzyme.__node__): Object {
    "instance": null,
    "key": undefined,
    "nodeType": "host",
    "props": Object {
      "children": <div
        className="margin-b-big"
>
        <h5
                className="type-regular"
        >
                <span
                        className="error__icon margin-r-small"
                >
                        <AlertTriangle
                                color="currentColor"
                                size="24"
                        />
                </span>
                test
        </h5>
</div>,
    },
    "ref": null,
    "rendered": Object {
      "instance": null,
      "key": undefined,
      "nodeType": "host",
      "props": Object {
        "children": <h5
          className="type-regular"
>
          <span
                    className="error__icon margin-r-small"
          >
                    <AlertTriangle
                              color="currentColor"
                              size="24"
                    />
          </span>
          test
</h5>,
        "className": "margin-b-big",
      },
      "ref": null,
      "rendered": Object {
        "instance": null,
        "key": undefined,
        "nodeType": "host",
        "props": Object {
          "children": Array [
            <span
              className="error__icon margin-r-small"
>
              <AlertTriangle
                            color="currentColor"
                            size="24"
              />
</span>,
            "test",
          ],
          "className": "type-regular",
        },
        "ref": null,
        "rendered": Array [
          Object {
            "instance": null,
            "key": undefined,
            "nodeType": "host",
            "props": Object {
              "children": <AlertTriangle
                color="currentColor"
                size="24"
/>,
              "className": "error__icon margin-r-small",
            },
            "ref": null,
            "rendered": Object {
              "instance": null,
              "key": undefined,
              "nodeType": "function",
              "props": Object {
                "color": "currentColor",
                "size": "24",
              },
              "ref": null,
              "rendered": null,
              "type": [Function],
            },
            "type": "span",
          },
          "test",
        ],
        "type": "h5",
      },
      "type": "div",
    },
    "type": "header",
  },
  Symbol(enzyme.__nodes__): Array [
    Object {
      "instance": null,
      "key": undefined,
      "nodeType": "host",
      "props": Object {
        "children": <div
          className="margin-b-big"
>
          <h5
                    className="type-regular"
          >
                    <span
                              className="error__icon margin-r-small"
                    >
                              <AlertTriangle
                                        color="currentColor"
                                        size="24"
                              />
                    </span>
                    test
          </h5>
</div>,
      },
      "ref": null,
      "rendered": Object {
        "instance": null,
        "key": undefined,
        "nodeType": "host",
        "props": Object {
          "children": <h5
            className="type-regular"
>
            <span
                        className="error__icon margin-r-small"
            >
                        <AlertTriangle
                                    color="currentColor"
                                    size="24"
                        />
            </span>
            test
</h5>,
          "className": "margin-b-big",
        },
        "ref": null,
        "rendered": Object {
          "instance": null,
          "key": undefined,
          "nodeType": "host",
          "props": Object {
            "children": Array [
              <span
                className="error__icon margin-r-small"
>
                <AlertTriangle
                                color="currentColor"
                                size="24"
                />
</span>,
              "test",
            ],
            "className": "type-regular",
          },
          "ref": null,
          "rendered": Array [
            Object {
              "instance": null,
              "key": undefined,
              "nodeType": "host",
              "props": Object {
                "children": <AlertTriangle
                  color="currentColor"
                  size="24"
/>,
                "className": "error__icon margin-r-small",
              },
              "ref": null,
              "rendered": Object {
                "instance": null,
                "key": undefined,
                "nodeType": "function",
                "props": Object {
                  "color": "currentColor",
                  "size": "24",
                },
                "ref": null,
                "rendered": null,
                "type": [Function],
              },
              "type": "span",
            },
            "test",
          ],
          "type": "h5",
        },
        "type": "div",
      },
      "type": "header",
    },
  ],
  Symbol(enzyme.__options__): Object {
    "adapter": ReactSixteenAdapter {
      "options": Object {
        "enableComponentDidUpdateOnSetState": true,
      },
    },
  },
}
`;
