// Jest Snapshot v1, https://goo.gl/fbAQLP

exports[`renders each element in the array 1`] = `
ShallowWrapper {
  "length": 1,
  Symbol(enzyme.__root__): [Circular],
  Symbol(enzyme.__unrendered__): <ArrayFieldTemplate
    items={
        Array [
            Object {
              "children": <div
                className="test1"
        />,
              "hasMoveDown": true,
              "hasMoveUp": true,
              "index": 0,
              "onDropIndexClick": [Function],
              "onReorderClick": [Function],
            },
            Object {
              "children": <div
                className="test2"
        />,
              "hasMoveDown": true,
              "hasMoveUp": true,
              "index": 1,
              "onDropIndexClick": [Function],
              "onReorderClick": [Function],
            },
          ]
    }
/>,
  Symbol(enzyme.__renderer__): Object {
    "batchedUpdates": [Function],
    "getNode": [Function],
    "render": [Function],
    "simulateEvent": [Function],
    "unmount": [Function],
  },
  Symbol(enzyme.__node__): Object {
    "instance": null,
    "key": undefined,
    "nodeType": "host",
    "props": Object {
      "children": Array [
        <label />,
        Array [
          <div>
            <div
                        className="margin-b-normal"
            >
                        <div
                                    className="test1"
                        />
            </div>
            <button
                        className="button button-small"
                        onClick={undefined}
                        type="button"
            >
                        Down
            </button>
            <button
                        className="button button-small"
                        onClick={undefined}
                        type="button"
            >
                        Up
            </button>
            <button
                        className="button button-danger button-small"
                        onClick={undefined}
                        type="button"
            >
                        Delete
            </button>
            <hr />
</div>,
          <div>
            <div
                        className="margin-b-normal"
            >
                        <div
                                    className="test2"
                        />
            </div>
            <button
                        className="button button-small"
                        onClick={undefined}
                        type="button"
            >
                        Down
            </button>
            <button
                        className="button button-small"
                        onClick={undefined}
                        type="button"
            >
                        Up
            </button>
            <button
                        className="button button-danger button-small"
                        onClick={undefined}
                        type="button"
            >
                        Delete
            </button>
            <hr />
</div>,
        ],
        undefined,
      ],
      "className": "undefined margin-b-normal",
    },
    "ref": null,
    "rendered": Array [
      Object {
        "instance": null,
        "key": undefined,
        "nodeType": "host",
        "props": Object {
          "children": undefined,
        },
        "ref": null,
        "rendered": null,
        "type": "label",
      },
      Object {
        "instance": null,
        "key": "0",
        "nodeType": "host",
        "props": Object {
          "children": Array [
            <div
              className="margin-b-normal"
>
              <div
                            className="test1"
              />
</div>,
            <button
              className="button button-small"
              onClick={undefined}
              type="button"
>
              Down
</button>,
            <button
              className="button button-small"
              onClick={undefined}
              type="button"
>
              Up
</button>,
            <button
              className="button button-danger button-small"
              onClick={undefined}
              type="button"
>
              Delete
</button>,
            <hr />,
          ],
        },
        "ref": null,
        "rendered": Array [
          Object {
            "instance": null,
            "key": undefined,
            "nodeType": "host",
            "props": Object {
              "children": <div
                className="test1"
/>,
              "className": "margin-b-normal",
            },
            "ref": null,
            "rendered": Object {
              "instance": null,
              "key": undefined,
              "nodeType": "host",
              "props": Object {
                "className": "test1",
              },
              "ref": null,
              "rendered": null,
              "type": "div",
            },
            "type": "div",
          },
          Object {
            "instance": null,
            "key": undefined,
            "nodeType": "host",
            "props": Object {
              "children": "Down",
              "className": "button button-small",
              "onClick": undefined,
              "type": "button",
            },
            "ref": null,
            "rendered": "Down",
            "type": "button",
          },
          Object {
            "instance": null,
            "key": undefined,
            "nodeType": "host",
            "props": Object {
              "children": "Up",
              "className": "button button-small",
              "onClick": undefined,
              "type": "button",
            },
            "ref": null,
            "rendered": "Up",
            "type": "button",
          },
          Object {
            "instance": null,
            "key": undefined,
            "nodeType": "host",
            "props": Object {
              "children": "Delete",
              "className": "button button-danger button-small",
              "onClick": undefined,
              "type": "button",
            },
            "ref": null,
            "rendered": "Delete",
            "type": "button",
          },
          Object {
            "instance": null,
            "key": undefined,
            "nodeType": "host",
            "props": Object {},
            "ref": null,
            "rendered": null,
            "type": "hr",
          },
        ],
        "type": "div",
      },
      Object {
        "instance": null,
        "key": "1",
        "nodeType": "host",
        "props": Object {
          "children": Array [
            <div
              className="margin-b-normal"
>
              <div
                            className="test2"
              />
</div>,
            <button
              className="button button-small"
              onClick={undefined}
              type="button"
>
              Down
</button>,
            <button
              className="button button-small"
              onClick={undefined}
              type="button"
>
              Up
</button>,
            <button
              className="button button-danger button-small"
              onClick={undefined}
              type="button"
>
              Delete
</button>,
            <hr />,
          ],
        },
        "ref": null,
        "rendered": Array [
          Object {
            "instance": null,
            "key": undefined,
            "nodeType": "host",
            "props": Object {
              "children": <div
                className="test2"
/>,
              "className": "margin-b-normal",
            },
            "ref": null,
            "rendered": Object {
              "instance": null,
              "key": undefined,
              "nodeType": "host",
              "props": Object {
                "className": "test2",
              },
              "ref": null,
              "rendered": null,
              "type": "div",
            },
            "type": "div",
          },
          Object {
            "instance": null,
            "key": undefined,
            "nodeType": "host",
            "props": Object {
              "children": "Down",
              "className": "button button-small",
              "onClick": undefined,
              "type": "button",
            },
            "ref": null,
            "rendered": "Down",
            "type": "button",
          },
          Object {
            "instance": null,
            "key": undefined,
            "nodeType": "host",
            "props": Object {
              "children": "Up",
              "className": "button button-small",
              "onClick": undefined,
              "type": "button",
            },
            "ref": null,
            "rendered": "Up",
            "type": "button",
          },
          Object {
            "instance": null,
            "key": undefined,
            "nodeType": "host",
            "props": Object {
              "children": "Delete",
              "className": "button button-danger button-small",
              "onClick": undefined,
              "type": "button",
            },
            "ref": null,
            "rendered": "Delete",
            "type": "button",
          },
          Object {
            "instance": null,
            "key": undefined,
            "nodeType": "host",
            "props": Object {},
            "ref": null,
            "rendered": null,
            "type": "hr",
          },
        ],
        "type": "div",
      },
      undefined,
    ],
    "type": "div",
  },
  Symbol(enzyme.__nodes__): Array [
    Object {
      "instance": null,
      "key": undefined,
      "nodeType": "host",
      "props": Object {
        "children": Array [
          <label />,
          Array [
            <div>
              <div
                            className="margin-b-normal"
              >
                            <div
                                          className="test1"
                            />
              </div>
              <button
                            className="button button-small"
                            onClick={undefined}
                            type="button"
              >
                            Down
              </button>
              <button
                            className="button button-small"
                            onClick={undefined}
                            type="button"
              >
                            Up
              </button>
              <button
                            className="button button-danger button-small"
                            onClick={undefined}
                            type="button"
              >
                            Delete
              </button>
              <hr />
</div>,
            <div>
              <div
                            className="margin-b-normal"
              >
                            <div
                                          className="test2"
                            />
              </div>
              <button
                            className="button button-small"
                            onClick={undefined}
                            type="button"
              >
                            Down
              </button>
              <button
                            className="button button-small"
                            onClick={undefined}
                            type="button"
              >
                            Up
              </button>
              <button
                            className="button button-danger button-small"
                            onClick={undefined}
                            type="button"
              >
                            Delete
              </button>
              <hr />
</div>,
          ],
          undefined,
        ],
        "className": "undefined margin-b-normal",
      },
      "ref": null,
      "rendered": Array [
        Object {
          "instance": null,
          "key": undefined,
          "nodeType": "host",
          "props": Object {
            "children": undefined,
          },
          "ref": null,
          "rendered": null,
          "type": "label",
        },
        Object {
          "instance": null,
          "key": "0",
          "nodeType": "host",
          "props": Object {
            "children": Array [
              <div
                className="margin-b-normal"
>
                <div
                                className="test1"
                />
</div>,
              <button
                className="button button-small"
                onClick={undefined}
                type="button"
>
                Down
</button>,
              <button
                className="button button-small"
                onClick={undefined}
                type="button"
>
                Up
</button>,
              <button
                className="button button-danger button-small"
                onClick={undefined}
                type="button"
>
                Delete
</button>,
              <hr />,
            ],
          },
          "ref": null,
          "rendered": Array [
            Object {
              "instance": null,
              "key": undefined,
              "nodeType": "host",
              "props": Object {
                "children": <div
                  className="test1"
/>,
                "className": "margin-b-normal",
              },
              "ref": null,
              "rendered": Object {
                "instance": null,
                "key": undefined,
                "nodeType": "host",
                "props": Object {
                  "className": "test1",
                },
                "ref": null,
                "rendered": null,
                "type": "div",
              },
              "type": "div",
            },
            Object {
              "instance": null,
              "key": undefined,
              "nodeType": "host",
              "props": Object {
                "children": "Down",
                "className": "button button-small",
                "onClick": undefined,
                "type": "button",
              },
              "ref": null,
              "rendered": "Down",
              "type": "button",
            },
            Object {
              "instance": null,
              "key": undefined,
              "nodeType": "host",
              "props": Object {
                "children": "Up",
                "className": "button button-small",
                "onClick": undefined,
                "type": "button",
              },
              "ref": null,
              "rendered": "Up",
              "type": "button",
            },
            Object {
              "instance": null,
              "key": undefined,
              "nodeType": "host",
              "props": Object {
                "children": "Delete",
                "className": "button button-danger button-small",
                "onClick": undefined,
                "type": "button",
              },
              "ref": null,
              "rendered": "Delete",
              "type": "button",
            },
            Object {
              "instance": null,
              "key": undefined,
              "nodeType": "host",
              "props": Object {},
              "ref": null,
              "rendered": null,
              "type": "hr",
            },
          ],
          "type": "div",
        },
        Object {
          "instance": null,
          "key": "1",
          "nodeType": "host",
          "props": Object {
            "children": Array [
              <div
                className="margin-b-normal"
>
                <div
                                className="test2"
                />
</div>,
              <button
                className="button button-small"
                onClick={undefined}
                type="button"
>
                Down
</button>,
              <button
                className="button button-small"
                onClick={undefined}
                type="button"
>
                Up
</button>,
              <button
                className="button button-danger button-small"
                onClick={undefined}
                type="button"
>
                Delete
</button>,
              <hr />,
            ],
          },
          "ref": null,
          "rendered": Array [
            Object {
              "instance": null,
              "key": undefined,
              "nodeType": "host",
              "props": Object {
                "children": <div
                  className="test2"
/>,
                "className": "margin-b-normal",
              },
              "ref": null,
              "rendered": Object {
                "instance": null,
                "key": undefined,
                "nodeType": "host",
                "props": Object {
                  "className": "test2",
                },
                "ref": null,
                "rendered": null,
                "type": "div",
              },
              "type": "div",
            },
            Object {
              "instance": null,
              "key": undefined,
              "nodeType": "host",
              "props": Object {
                "children": "Down",
                "className": "button button-small",
                "onClick": undefined,
                "type": "button",
              },
              "ref": null,
              "rendered": "Down",
              "type": "button",
            },
            Object {
              "instance": null,
              "key": undefined,
              "nodeType": "host",
              "props": Object {
                "children": "Up",
                "className": "button button-small",
                "onClick": undefined,
                "type": "button",
              },
              "ref": null,
              "rendered": "Up",
              "type": "button",
            },
            Object {
              "instance": null,
              "key": undefined,
              "nodeType": "host",
              "props": Object {
                "children": "Delete",
                "className": "button button-danger button-small",
                "onClick": undefined,
                "type": "button",
              },
              "ref": null,
              "rendered": "Delete",
              "type": "button",
            },
            Object {
              "instance": null,
              "key": undefined,
              "nodeType": "host",
              "props": Object {},
              "ref": null,
              "rendered": null,
              "type": "hr",
            },
          ],
          "type": "div",
        },
        undefined,
      ],
      "type": "div",
    },
  ],
  Symbol(enzyme.__options__): Object {
    "adapter": ReactSixteenAdapter {
      "options": Object {
        "enableComponentDidUpdateOnSetState": true,
      },
    },
  },
}
`;
