// Jest Snapshot v1, https://goo.gl/fbAQLP

exports[`when the config is not ready loading spinner matches the snapshot 1`] = `
<LoadingWrapper
  loaded={false}
/>
`;

exports[`when there is an error renders the error details 1`] = `
<Alert
  app={false}
  compact={false}
  theme="danger"
>
  Unable to load Kubeapps configuration: 
  Wrong config!
</Alert>
`;
