// Jest Snapshot v1, https://goo.gl/fbAQLP

exports[`should render a external database section 1`] = `
<div
  className="subsection margin-v-normal"
>
  <BooleanParam
    handleBasicFormParamChange={[Function]}
    id="enable-self-hosted-db"
    label="Use a Self Hosted Database"
    name="useSelfHostedDatabase"
    param={
      Object {
        "path": "mariadb.enabled",
        "title": "Enable External Database",
        "type": "boolean",
        "value": true,
      }
    }
  />
  <div
    className="margin-t-normal"
    hidden={true}
  >
    <span>
      Enable an external database
    </span>
    <TextParam
      handleBasicFormParamChange={[Function]}
      id="externalDatabaseDB-0"
      inputType="text"
      key="externalDatabaseDB-0"
      label=""
      name="externalDatabaseDB"
      param={
        Object {
          "path": "externalDatabase.database",
          "type": "string",
          "value": "bitnami_wordpress",
        }
      }
    />
    <TextParam
      handleBasicFormParamChange={[Function]}
      id="externalDatabaseHost-1"
      inputType="text"
      key="externalDatabaseHost-1"
      label="Host"
      name="externalDatabaseHost"
      param={
        Object {
          "path": "externalDatabase.host",
          "type": "string",
          "value": "localhost",
        }
      }
    />
    <TextParam
      handleBasicFormParamChange={[Function]}
      id="externalDatabasePassword-2"
      inputType="text"
      key="externalDatabasePassword-2"
      label="Password"
      name="externalDatabasePassword"
      param={
        Object {
          "path": "externalDatabase.password",
          "type": "string",
        }
      }
    />
    <TextParam
      handleBasicFormParamChange={[Function]}
      id="externalDatabasePort-3"
      inputType="number"
      key="externalDatabasePort-3"
      label="Port"
      name="externalDatabasePort"
      param={
        Object {
          "path": "externalDatabase.port",
          "type": "integer",
          "value": 3306,
        }
      }
    />
    <TextParam
      handleBasicFormParamChange={[Function]}
      id="externalDatabaseUser-4"
      inputType="text"
      key="externalDatabaseUser-4"
      label="User"
      name="externalDatabaseUser"
      param={
        Object {
          "path": "externalDatabase.user",
          "type": "string",
          "value": "bn_wordpress",
        }
      }
    />
  </div>
</div>
`;
