// Jest Snapshot v1, https://goo.gl/fbAQLP

exports[`should render a external database section 1`] = `
<div
  className="subsection margin-v-normal"
>
  <BooleanParam
    handleBasicFormParamChange={[Function]}
    id="externalDatabase-useSelfHostedDatabase"
    label="Enable External Database"
    name="useSelfHostedDatabase"
    param={
      Object {
        "path": "mariadb.enabled",
        "title": "Enable External Database",
        "type": "boolean",
        "value": true,
      }
    }
  />
  <div
    hidden={true}
  >
    <div
      className="margin-v-normal"
    >
      Enable an external database
      <br />
      <span
        className="description"
      >
        description of the param
      </span>
    </div>
  </div>
</div>
`;
