// Jest Snapshot v1, https://goo.gl/fbAQLP

exports[`loading spinner matches the snapshot 1`] = `
<LoadingWrapper
  loaded={false}
/>
`;

exports[`renders the repo selection form if not introduced 1`] = `
<SelectRepoForm
  chartName="bar"
  cluster="default"
  namespace="default"
/>
`;
